#
# There is insufficient memory for the Java Runtime Environment to continue.
# Native memory allocation (malloc) failed to allocate 533136 bytes for Chunk::new
# Possible reasons:
#   The system is out of physical RAM or swap space
#   The process is running with CompressedOops enabled, and the Java Heap may be blocking the growth of the native heap
# Possible solutions:
#   Reduce memory load on the system
#   Increase physical memory or swap space
#   Check if swap backing store is full
#   Decrease Java heap size (-Xmx/-Xms)
#   Decrease number of Java threads
#   Decrease Java thread stack sizes (-Xss)
#   Set larger code cache with -XX:ReservedCodeCacheSize=
#   JVM is running with Unscaled Compressed Oops mode in which the Java heap is
#     placed in the first 4GB address space. The Java Heap base address is the
#     maximum limit for the native heap growth. Please use -XX:HeapBaseMinAddress
#     to set the Java Heap base and to place the Java Heap above 4GB virtual address.
# This output file may be truncated or incomplete.
#
#  Out of Memory Error (src/hotspot/share/memory/arena.cpp:197), pid=20428, tid=11740
#
# JRE version: OpenJDK Runtime Environment JBR-11.0.15.10-2043.56-jcef (11.0.15+10) (build 11.0.15+10-b2043.56)
# Java VM: OpenJDK 64-Bit Server VM JBR-11.0.15.10-2043.56-jcef (11.0.15+10-b2043.56, mixed mode, tiered, compressed oops, g1 gc, windows-amd64)
# No core dump will be written. Minidumps are not enabled by default on client versions of Windows
#

---------------  S U M M A R Y ------------

Command Line: externalApp.nativessh.NativeSshAskPassApp Enter passphrase for key '/c/Users/user/.ssh/id_rsa': 

Host: Intel(R) Core(TM) i5-10300H CPU @ 2.50GHz, 8 cores, 7G,  Windows 11 , 64 bit Build 22621 (10.0.22621.4830)
Time: Tue Mar 18 11:08:33 2025 India Standard Time elapsed time: 2.086573 seconds (0d 0h 0m 2s)

---------------  T H R E A D  ---------------

Current thread (0x00000205e7c32000):  JavaThread "C2 CompilerThread0" daemon [_thread_in_native, id=11740, stack(0x000000595ed00000,0x000000595ee00000)]


Current CompileTask:
C2:   2086  317       4       java.util.zip.ZipFile$Source::initCEN (697 bytes)

Stack: [0x000000595ed00000,0x000000595ee00000]
Native frames: (J=compiled Java code, j=interpreted, Vv=VM code, C=native code)
V  [jvm.dll+0x61612a]
V  [jvm.dll+0x79c450]
V  [jvm.dll+0x79da6d]
V  [jvm.dll+0x79e143]
V  [jvm.dll+0x24cc18]
V  [jvm.dll+0xc15ac]
V  [jvm.dll+0xc1adc]
V  [jvm.dll+0x362fad]
V  [jvm.dll+0x32df33]
V  [jvm.dll+0x32d42a]
V  [jvm.dll+0x205352]
V  [jvm.dll+0x2044d7]
V  [jvm.dll+0x18b6b1]
V  [jvm.dll+0x2131bf]
V  [jvm.dll+0x211a61]
V  [jvm.dll+0x76300f]
V  [jvm.dll+0x75bc15]
V  [jvm.dll+0x614d96]
C  [ucrtbase.dll+0x29333]
C  [KERNEL32.DLL+0x1259d]
C  [ntdll.dll+0x5af38]


---------------  P R O C E S S  ---------------

Threads class SMR info:
_java_thread_list=0x00000205e7da3810, length=10, elements={
0x00000205cce60800, 0x00000205e7bd1800, 0x00000205e7bd3000, 0x00000205e7c27800,
0x00000205e7c2b000, 0x00000205e7c2c000, 0x00000205e7c32000, 0x00000205e73b7000,
0x00000205e73b8800, 0x00000205e7da4000
}

Java Threads: ( => current thread )
  0x00000205cce60800 JavaThread "main" [_thread_in_vm, id=12704, stack(0x000000595e100000,0x000000595e200000)]
  0x00000205e7bd1800 JavaThread "Reference Handler" daemon [_thread_blocked, id=1200, stack(0x000000595e800000,0x000000595e900000)]
  0x00000205e7bd3000 JavaThread "Finalizer" daemon [_thread_blocked, id=13440, stack(0x000000595e900000,0x000000595ea00000)]
  0x00000205e7c27800 JavaThread "Signal Dispatcher" daemon [_thread_blocked, id=36588, stack(0x000000595ea00000,0x000000595eb00000)]
  0x00000205e7c2b000 JavaThread "Attach Listener" daemon [_thread_blocked, id=27108, stack(0x000000595eb00000,0x000000595ec00000)]
  0x00000205e7c2c000 JavaThread "Service Thread" daemon [_thread_blocked, id=38544, stack(0x000000595ec00000,0x000000595ed00000)]
=>0x00000205e7c32000 JavaThread "C2 CompilerThread0" daemon [_thread_in_native, id=11740, stack(0x000000595ed00000,0x000000595ee00000)]
  0x00000205e73b7000 JavaThread "C1 CompilerThread0" daemon [_thread_blocked, id=14300, stack(0x000000595ee00000,0x000000595ef00000)]
  0x00000205e73b8800 JavaThread "Sweeper thread" daemon [_thread_blocked, id=36412, stack(0x000000595ef00000,0x000000595f000000)]
  0x00000205e7da4000 JavaThread "Common-Cleaner" daemon [_thread_blocked, id=37120, stack(0x000000595f100000,0x000000595f200000)]

Other Threads:
  0x00000205e738b800 VMThread "VM Thread" [stack: 0x000000595e700000,0x000000595e800000] [id=33848]
  0x00000205e7d9d800 WatcherThread [stack: 0x000000595f000000,0x000000595f100000] [id=10952]
  0x00000205cce7a000 GCTaskThread "GC Thread#0" [stack: 0x000000595e200000,0x000000595e300000] [id=29588]
  0x00000205cceaf000 ConcurrentGCThread "G1 Main Marker" [stack: 0x000000595e300000,0x000000595e400000] [id=17264]
  0x00000205cceb0800 ConcurrentGCThread "G1 Conc#0" [stack: 0x000000595e400000,0x000000595e500000] [id=16176]
  0x00000205ccf2e000 ConcurrentGCThread "G1 Refine#0" [stack: 0x000000595e500000,0x000000595e600000] [id=30912]
  0x00000205e71f2800 ConcurrentGCThread "G1 Young RemSet Sampling" [stack: 0x000000595e600000,0x000000595e700000] [id=812]

Threads with active compile tasks:
C2 CompilerThread0     2142  317       4       java.util.zip.ZipFile$Source::initCEN (697 bytes)

VM state:not at safepoint (normal execution)

VM Mutex/Monitor currently owned by a thread: None

Heap address: 0x0000000081600000, size: 2026 MB, Compressed Oops mode: 32-bit
Narrow klass base: 0x0000000000000000, Narrow klass shift: 3
Compressed class space size: 1073741824 Address: 0x0000000100000000

Heap:
 garbage-first heap   total 131072K, used 23552K [0x0000000081600000, 0x0000000100000000)
  region size 1024K, 9 young (9216K), 0 survivors (0K)
 Metaspace       used 6681K, capacity 6837K, committed 7040K, reserved 1058816K
  class space    used 583K, capacity 638K, committed 640K, reserved 1048576K
Heap Regions: E=young(eden), S=young(survivor), O=old, HS=humongous(starts), HC=humongous(continues), CS=collection set, F=free, A=archive, TAMS=top-at-mark-start (previous, next)
|   0|0x0000000081600000, 0x0000000081700000, 0x0000000081700000|100%|HS|  |TAMS 0x0000000081600000, 0x0000000081600000| Complete 
|   1|0x0000000081700000, 0x0000000081800000, 0x0000000081800000|100%|HC|  |TAMS 0x0000000081700000, 0x0000000081700000| Complete 
|   2|0x0000000081800000, 0x0000000081900000, 0x0000000081900000|100%|HC|  |TAMS 0x0000000081800000, 0x0000000081800000| Complete 
|   3|0x0000000081900000, 0x0000000081a00000, 0x0000000081a00000|100%|HC|  |TAMS 0x0000000081900000, 0x0000000081900000| Complete 
|   4|0x0000000081a00000, 0x0000000081b00000, 0x0000000081b00000|100%|HC|  |TAMS 0x0000000081a00000, 0x0000000081a00000| Complete 
|   5|0x0000000081b00000, 0x0000000081c00000, 0x0000000081c00000|100%|HC|  |TAMS 0x0000000081b00000, 0x0000000081b00000| Complete 
|   6|0x0000000081c00000, 0x0000000081d00000, 0x0000000081d00000|100%|HC|  |TAMS 0x0000000081c00000, 0x0000000081c00000| Complete 
|   7|0x0000000081d00000, 0x0000000081e00000, 0x0000000081e00000|100%|HC|  |TAMS 0x0000000081d00000, 0x0000000081d00000| Complete 
|   8|0x0000000081e00000, 0x0000000081f00000, 0x0000000081f00000|100%|HC|  |TAMS 0x0000000081e00000, 0x0000000081e00000| Complete 
|   9|0x0000000081f00000, 0x0000000082000000, 0x0000000082000000|100%|HC|  |TAMS 0x0000000081f00000, 0x0000000081f00000| Complete 
|  10|0x0000000082000000, 0x0000000082100000, 0x0000000082100000|100%|HC|  |TAMS 0x0000000082000000, 0x0000000082000000| Complete 
|  11|0x0000000082100000, 0x0000000082200000, 0x0000000082200000|100%|HS|  |TAMS 0x0000000082100000, 0x0000000082100000| Complete 
|  12|0x0000000082200000, 0x0000000082300000, 0x0000000082300000|100%|HC|  |TAMS 0x0000000082200000, 0x0000000082200000| Complete 
|  13|0x0000000082300000, 0x0000000082400000, 0x0000000082400000|100%|HS|  |TAMS 0x0000000082300000, 0x0000000082300000| Complete 
|  14|0x0000000082400000, 0x0000000082500000, 0x0000000082500000|100%|HC|  |TAMS 0x0000000082400000, 0x0000000082400000| Complete 
|  15|0x0000000082500000, 0x0000000082500000, 0x0000000082600000|  0%| F|  |TAMS 0x0000000082500000, 0x0000000082500000| Untracked 
|  16|0x0000000082600000, 0x0000000082600000, 0x0000000082700000|  0%| F|  |TAMS 0x0000000082600000, 0x0000000082600000| Untracked 
|  17|0x0000000082700000, 0x0000000082700000, 0x0000000082800000|  0%| F|  |TAMS 0x0000000082700000, 0x0000000082700000| Untracked 
|  18|0x0000000082800000, 0x0000000082800000, 0x0000000082900000|  0%| F|  |TAMS 0x0000000082800000, 0x0000000082800000| Untracked 
|  19|0x0000000082900000, 0x0000000082900000, 0x0000000082a00000|  0%| F|  |TAMS 0x0000000082900000, 0x0000000082900000| Untracked 
|  20|0x0000000082a00000, 0x0000000082a00000, 0x0000000082b00000|  0%| F|  |TAMS 0x0000000082a00000, 0x0000000082a00000| Untracked 
|  21|0x0000000082b00000, 0x0000000082b00000, 0x0000000082c00000|  0%| F|  |TAMS 0x0000000082b00000, 0x0000000082b00000| Untracked 
|  22|0x0000000082c00000, 0x0000000082c00000, 0x0000000082d00000|  0%| F|  |TAMS 0x0000000082c00000, 0x0000000082c00000| Untracked 
|  23|0x0000000082d00000, 0x0000000082d00000, 0x0000000082e00000|  0%| F|  |TAMS 0x0000000082d00000, 0x0000000082d00000| Untracked 
|  24|0x0000000082e00000, 0x0000000082e00000, 0x0000000082f00000|  0%| F|  |TAMS 0x0000000082e00000, 0x0000000082e00000| Untracked 
|  25|0x0000000082f00000, 0x0000000082f00000, 0x0000000083000000|  0%| F|  |TAMS 0x0000000082f00000, 0x0000000082f00000| Untracked 
|  26|0x0000000083000000, 0x0000000083000000, 0x0000000083100000|  0%| F|  |TAMS 0x0000000083000000, 0x0000000083000000| Untracked 
|  27|0x0000000083100000, 0x0000000083100000, 0x0000000083200000|  0%| F|  |TAMS 0x0000000083100000, 0x0000000083100000| Untracked 
|  28|0x0000000083200000, 0x0000000083200000, 0x0000000083300000|  0%| F|  |TAMS 0x0000000083200000, 0x0000000083200000| Untracked 
|  29|0x0000000083300000, 0x0000000083300000, 0x0000000083400000|  0%| F|  |TAMS 0x0000000083300000, 0x0000000083300000| Untracked 
|  30|0x0000000083400000, 0x0000000083400000, 0x0000000083500000|  0%| F|  |TAMS 0x0000000083400000, 0x0000000083400000| Untracked 
|  31|0x0000000083500000, 0x0000000083500000, 0x0000000083600000|  0%| F|  |TAMS 0x0000000083500000, 0x0000000083500000| Untracked 
|  32|0x0000000083600000, 0x0000000083600000, 0x0000000083700000|  0%| F|  |TAMS 0x0000000083600000, 0x0000000083600000| Untracked 
|  33|0x0000000083700000, 0x0000000083700000, 0x0000000083800000|  0%| F|  |TAMS 0x0000000083700000, 0x0000000083700000| Untracked 
|  34|0x0000000083800000, 0x0000000083800000, 0x0000000083900000|  0%| F|  |TAMS 0x0000000083800000, 0x0000000083800000| Untracked 
|  35|0x0000000083900000, 0x0000000083900000, 0x0000000083a00000|  0%| F|  |TAMS 0x0000000083900000, 0x0000000083900000| Untracked 
|  36|0x0000000083a00000, 0x0000000083a00000, 0x0000000083b00000|  0%| F|  |TAMS 0x0000000083a00000, 0x0000000083a00000| Untracked 
|  37|0x0000000083b00000, 0x0000000083b00000, 0x0000000083c00000|  0%| F|  |TAMS 0x0000000083b00000, 0x0000000083b00000| Untracked 
|  38|0x0000000083c00000, 0x0000000083c00000, 0x0000000083d00000|  0%| F|  |TAMS 0x0000000083c00000, 0x0000000083c00000| Untracked 
|  39|0x0000000083d00000, 0x0000000083d00000, 0x0000000083e00000|  0%| F|  |TAMS 0x0000000083d00000, 0x0000000083d00000| Untracked 
|  40|0x0000000083e00000, 0x0000000083e00000, 0x0000000083f00000|  0%| F|  |TAMS 0x0000000083e00000, 0x0000000083e00000| Untracked 
|  41|0x0000000083f00000, 0x0000000083f00000, 0x0000000084000000|  0%| F|  |TAMS 0x0000000083f00000, 0x0000000083f00000| Untracked 
|  42|0x0000000084000000, 0x0000000084000000, 0x0000000084100000|  0%| F|  |TAMS 0x0000000084000000, 0x0000000084000000| Untracked 
|  43|0x0000000084100000, 0x0000000084100000, 0x0000000084200000|  0%| F|  |TAMS 0x0000000084100000, 0x0000000084100000| Untracked 
|  44|0x0000000084200000, 0x0000000084200000, 0x0000000084300000|  0%| F|  |TAMS 0x0000000084200000, 0x0000000084200000| Untracked 
|  45|0x0000000084300000, 0x0000000084300000, 0x0000000084400000|  0%| F|  |TAMS 0x0000000084300000, 0x0000000084300000| Untracked 
|  46|0x0000000084400000, 0x0000000084400000, 0x0000000084500000|  0%| F|  |TAMS 0x0000000084400000, 0x0000000084400000| Untracked 
|  47|0x0000000084500000, 0x0000000084500000, 0x0000000084600000|  0%| F|  |TAMS 0x0000000084500000, 0x0000000084500000| Untracked 
|  48|0x0000000084600000, 0x0000000084600000, 0x0000000084700000|  0%| F|  |TAMS 0x0000000084600000, 0x0000000084600000| Untracked 
|  49|0x0000000084700000, 0x0000000084700000, 0x0000000084800000|  0%| F|  |TAMS 0x0000000084700000, 0x0000000084700000| Untracked 
|  50|0x0000000084800000, 0x0000000084800000, 0x0000000084900000|  0%| F|  |TAMS 0x0000000084800000, 0x0000000084800000| Untracked 
|  51|0x0000000084900000, 0x0000000084900000, 0x0000000084a00000|  0%| F|  |TAMS 0x0000000084900000, 0x0000000084900000| Untracked 
|  52|0x0000000084a00000, 0x0000000084a00000, 0x0000000084b00000|  0%| F|  |TAMS 0x0000000084a00000, 0x0000000084a00000| Untracked 
|  53|0x0000000084b00000, 0x0000000084b00000, 0x0000000084c00000|  0%| F|  |TAMS 0x0000000084b00000, 0x0000000084b00000| Untracked 
|  54|0x0000000084c00000, 0x0000000084c00000, 0x0000000084d00000|  0%| F|  |TAMS 0x0000000084c00000, 0x0000000084c00000| Untracked 
|  55|0x0000000084d00000, 0x0000000084d00000, 0x0000000084e00000|  0%| F|  |TAMS 0x0000000084d00000, 0x0000000084d00000| Untracked 
|  56|0x0000000084e00000, 0x0000000084e00000, 0x0000000084f00000|  0%| F|  |TAMS 0x0000000084e00000, 0x0000000084e00000| Untracked 
|  57|0x0000000084f00000, 0x0000000084f00000, 0x0000000085000000|  0%| F|  |TAMS 0x0000000084f00000, 0x0000000084f00000| Untracked 
|  58|0x0000000085000000, 0x0000000085000000, 0x0000000085100000|  0%| F|  |TAMS 0x0000000085000000, 0x0000000085000000| Untracked 
|  59|0x0000000085100000, 0x0000000085100000, 0x0000000085200000|  0%| F|  |TAMS 0x0000000085100000, 0x0000000085100000| Untracked 
|  60|0x0000000085200000, 0x0000000085200000, 0x0000000085300000|  0%| F|  |TAMS 0x0000000085200000, 0x0000000085200000| Untracked 
|  61|0x0000000085300000, 0x0000000085300000, 0x0000000085400000|  0%| F|  |TAMS 0x0000000085300000, 0x0000000085300000| Untracked 
|  62|0x0000000085400000, 0x0000000085400000, 0x0000000085500000|  0%| F|  |TAMS 0x0000000085400000, 0x0000000085400000| Untracked 
|  63|0x0000000085500000, 0x0000000085500000, 0x0000000085600000|  0%| F|  |TAMS 0x0000000085500000, 0x0000000085500000| Untracked 
|  64|0x0000000085600000, 0x0000000085600000, 0x0000000085700000|  0%| F|  |TAMS 0x0000000085600000, 0x0000000085600000| Untracked 
|  65|0x0000000085700000, 0x0000000085700000, 0x0000000085800000|  0%| F|  |TAMS 0x0000000085700000, 0x0000000085700000| Untracked 
|  66|0x0000000085800000, 0x0000000085800000, 0x0000000085900000|  0%| F|  |TAMS 0x0000000085800000, 0x0000000085800000| Untracked 
|  67|0x0000000085900000, 0x0000000085900000, 0x0000000085a00000|  0%| F|  |TAMS 0x0000000085900000, 0x0000000085900000| Untracked 
|  68|0x0000000085a00000, 0x0000000085a00000, 0x0000000085b00000|  0%| F|  |TAMS 0x0000000085a00000, 0x0000000085a00000| Untracked 
|  69|0x0000000085b00000, 0x0000000085b00000, 0x0000000085c00000|  0%| F|  |TAMS 0x0000000085b00000, 0x0000000085b00000| Untracked 
|  70|0x0000000085c00000, 0x0000000085c00000, 0x0000000085d00000|  0%| F|  |TAMS 0x0000000085c00000, 0x0000000085c00000| Untracked 
|  71|0x0000000085d00000, 0x0000000085d00000, 0x0000000085e00000|  0%| F|  |TAMS 0x0000000085d00000, 0x0000000085d00000| Untracked 
|  72|0x0000000085e00000, 0x0000000085e00000, 0x0000000085f00000|  0%| F|  |TAMS 0x0000000085e00000, 0x0000000085e00000| Untracked 
|  73|0x0000000085f00000, 0x0000000085f00000, 0x0000000086000000|  0%| F|  |TAMS 0x0000000085f00000, 0x0000000085f00000| Untracked 
|  74|0x0000000086000000, 0x0000000086000000, 0x0000000086100000|  0%| F|  |TAMS 0x0000000086000000, 0x0000000086000000| Untracked 
|  75|0x0000000086100000, 0x0000000086100000, 0x0000000086200000|  0%| F|  |TAMS 0x0000000086100000, 0x0000000086100000| Untracked 
|  76|0x0000000086200000, 0x0000000086200000, 0x0000000086300000|  0%| F|  |TAMS 0x0000000086200000, 0x0000000086200000| Untracked 
|  77|0x0000000086300000, 0x0000000086300000, 0x0000000086400000|  0%| F|  |TAMS 0x0000000086300000, 0x0000000086300000| Untracked 
|  78|0x0000000086400000, 0x0000000086400000, 0x0000000086500000|  0%| F|  |TAMS 0x0000000086400000, 0x0000000086400000| Untracked 
|  79|0x0000000086500000, 0x0000000086500000, 0x0000000086600000|  0%| F|  |TAMS 0x0000000086500000, 0x0000000086500000| Untracked 
|  80|0x0000000086600000, 0x0000000086600000, 0x0000000086700000|  0%| F|  |TAMS 0x0000000086600000, 0x0000000086600000| Untracked 
|  81|0x0000000086700000, 0x0000000086700000, 0x0000000086800000|  0%| F|  |TAMS 0x0000000086700000, 0x0000000086700000| Untracked 
|  82|0x0000000086800000, 0x0000000086800000, 0x0000000086900000|  0%| F|  |TAMS 0x0000000086800000, 0x0000000086800000| Untracked 
|  83|0x0000000086900000, 0x0000000086900000, 0x0000000086a00000|  0%| F|  |TAMS 0x0000000086900000, 0x0000000086900000| Untracked 
|  84|0x0000000086a00000, 0x0000000086a00000, 0x0000000086b00000|  0%| F|  |TAMS 0x0000000086a00000, 0x0000000086a00000| Untracked 
|  85|0x0000000086b00000, 0x0000000086b00000, 0x0000000086c00000|  0%| F|  |TAMS 0x0000000086b00000, 0x0000000086b00000| Untracked 
|  86|0x0000000086c00000, 0x0000000086c00000, 0x0000000086d00000|  0%| F|  |TAMS 0x0000000086c00000, 0x0000000086c00000| Untracked 
|  87|0x0000000086d00000, 0x0000000086d00000, 0x0000000086e00000|  0%| F|  |TAMS 0x0000000086d00000, 0x0000000086d00000| Untracked 
|  88|0x0000000086e00000, 0x0000000086e00000, 0x0000000086f00000|  0%| F|  |TAMS 0x0000000086e00000, 0x0000000086e00000| Untracked 
|  89|0x0000000086f00000, 0x0000000086f00000, 0x0000000087000000|  0%| F|  |TAMS 0x0000000086f00000, 0x0000000086f00000| Untracked 
|  90|0x0000000087000000, 0x0000000087000000, 0x0000000087100000|  0%| F|  |TAMS 0x0000000087000000, 0x0000000087000000| Untracked 
|  91|0x0000000087100000, 0x0000000087100000, 0x0000000087200000|  0%| F|  |TAMS 0x0000000087100000, 0x0000000087100000| Untracked 
|  92|0x0000000087200000, 0x0000000087200000, 0x0000000087300000|  0%| F|  |TAMS 0x0000000087200000, 0x0000000087200000| Untracked 
|  93|0x0000000087300000, 0x0000000087300000, 0x0000000087400000|  0%| F|  |TAMS 0x0000000087300000, 0x0000000087300000| Untracked 
|  94|0x0000000087400000, 0x0000000087400000, 0x0000000087500000|  0%| F|  |TAMS 0x0000000087400000, 0x0000000087400000| Untracked 
|  95|0x0000000087500000, 0x0000000087500000, 0x0000000087600000|  0%| F|  |TAMS 0x0000000087500000, 0x0000000087500000| Untracked 
|  96|0x0000000087600000, 0x0000000087600000, 0x0000000087700000|  0%| F|  |TAMS 0x0000000087600000, 0x0000000087600000| Untracked 
|  97|0x0000000087700000, 0x0000000087700000, 0x0000000087800000|  0%| F|  |TAMS 0x0000000087700000, 0x0000000087700000| Untracked 
|  98|0x0000000087800000, 0x0000000087800000, 0x0000000087900000|  0%| F|  |TAMS 0x0000000087800000, 0x0000000087800000| Untracked 
|  99|0x0000000087900000, 0x0000000087900000, 0x0000000087a00000|  0%| F|  |TAMS 0x0000000087900000, 0x0000000087900000| Untracked 
| 100|0x0000000087a00000, 0x0000000087a00000, 0x0000000087b00000|  0%| F|  |TAMS 0x0000000087a00000, 0x0000000087a00000| Untracked 
| 101|0x0000000087b00000, 0x0000000087b00000, 0x0000000087c00000|  0%| F|  |TAMS 0x0000000087b00000, 0x0000000087b00000| Untracked 
| 102|0x0000000087c00000, 0x0000000087c00000, 0x0000000087d00000|  0%| F|  |TAMS 0x0000000087c00000, 0x0000000087c00000| Untracked 
| 103|0x0000000087d00000, 0x0000000087d00000, 0x0000000087e00000|  0%| F|  |TAMS 0x0000000087d00000, 0x0000000087d00000| Untracked 
| 104|0x0000000087e00000, 0x0000000087e00000, 0x0000000087f00000|  0%| F|  |TAMS 0x0000000087e00000, 0x0000000087e00000| Untracked 
| 105|0x0000000087f00000, 0x0000000087f00000, 0x0000000088000000|  0%| F|  |TAMS 0x0000000087f00000, 0x0000000087f00000| Untracked 
| 106|0x0000000088000000, 0x0000000088000000, 0x0000000088100000|  0%| F|  |TAMS 0x0000000088000000, 0x0000000088000000| Untracked 
| 107|0x0000000088100000, 0x0000000088100000, 0x0000000088200000|  0%| F|  |TAMS 0x0000000088100000, 0x0000000088100000| Untracked 
| 108|0x0000000088200000, 0x0000000088200000, 0x0000000088300000|  0%| F|  |TAMS 0x0000000088200000, 0x0000000088200000| Untracked 
| 109|0x0000000088300000, 0x0000000088300000, 0x0000000088400000|  0%| F|  |TAMS 0x0000000088300000, 0x0000000088300000| Untracked 
| 110|0x0000000088400000, 0x0000000088400000, 0x0000000088500000|  0%| F|  |TAMS 0x0000000088400000, 0x0000000088400000| Untracked 
| 111|0x0000000088500000, 0x0000000088500000, 0x0000000088600000|  0%| F|  |TAMS 0x0000000088500000, 0x0000000088500000| Untracked 
| 112|0x0000000088600000, 0x0000000088600000, 0x0000000088700000|  0%| F|  |TAMS 0x0000000088600000, 0x0000000088600000| Untracked 
| 113|0x0000000088700000, 0x0000000088700000, 0x0000000088800000|  0%| F|  |TAMS 0x0000000088700000, 0x0000000088700000| Untracked 
| 114|0x0000000088800000, 0x0000000088800000, 0x0000000088900000|  0%| F|  |TAMS 0x0000000088800000, 0x0000000088800000| Untracked 
| 115|0x0000000088900000, 0x0000000088900000, 0x0000000088a00000|  0%| F|  |TAMS 0x0000000088900000, 0x0000000088900000| Untracked 
| 116|0x0000000088a00000, 0x0000000088a00000, 0x0000000088b00000|  0%| F|  |TAMS 0x0000000088a00000, 0x0000000088a00000| Untracked 
| 117|0x0000000088b00000, 0x0000000088b00000, 0x0000000088c00000|  0%| F|  |TAMS 0x0000000088b00000, 0x0000000088b00000| Untracked 
| 118|0x0000000088c00000, 0x0000000088c00000, 0x0000000088d00000|  0%| F|  |TAMS 0x0000000088c00000, 0x0000000088c00000| Untracked 
| 119|0x0000000088d00000, 0x0000000088e00000, 0x0000000088e00000|100%| E|  |TAMS 0x0000000088d00000, 0x0000000088d00000| Complete 
| 120|0x0000000088e00000, 0x0000000088f00000, 0x0000000088f00000|100%| E|CS|TAMS 0x0000000088e00000, 0x0000000088e00000| Complete 
| 121|0x0000000088f00000, 0x0000000089000000, 0x0000000089000000|100%| E|CS|TAMS 0x0000000088f00000, 0x0000000088f00000| Complete 
| 122|0x0000000089000000, 0x0000000089100000, 0x0000000089100000|100%| E|CS|TAMS 0x0000000089000000, 0x0000000089000000| Complete 
| 123|0x0000000089100000, 0x0000000089200000, 0x0000000089200000|100%| E|CS|TAMS 0x0000000089100000, 0x0000000089100000| Complete 
| 124|0x0000000089200000, 0x0000000089300000, 0x0000000089300000|100%| E|CS|TAMS 0x0000000089200000, 0x0000000089200000| Complete 
| 125|0x0000000089300000, 0x0000000089400000, 0x0000000089400000|100%| E|CS|TAMS 0x0000000089300000, 0x0000000089300000| Complete 
| 126|0x0000000089400000, 0x0000000089500000, 0x0000000089500000|100%| E|CS|TAMS 0x0000000089400000, 0x0000000089400000| Complete 
| 127|0x0000000089500000, 0x0000000089600000, 0x0000000089600000|100%| E|CS|TAMS 0x0000000089500000, 0x0000000089500000| Complete 

Card table byte_map: [0x00000205e01f0000,0x00000205e05f0000] _byte_map_base: 0x00000205dfde5000

Marking Bits (Prev, Next): (CMBitMap*) 0x00000205ccea60e8, (CMBitMap*) 0x00000205ccea6120
 Prev Bits: [0x00000205e09f0000, 0x00000205e2998000)
 Next Bits: [0x00000205e29a0000, 0x00000205e4948000)

Polling page: 0x00000205cc630000

Metaspace:

Usage:
  Non-class:      6.18 MB capacity,     6.11 MB ( 99%) used,    65.23 KB (  1%) free+waste,     4.13 KB ( <1%) overhead. 
      Class:    638.00 KB capacity,   599.63 KB ( 94%) used,    36.50 KB (  6%) free+waste,     1.88 KB ( <1%) overhead. 
       Both:      6.80 MB capacity,     6.70 MB ( 98%) used,   101.73 KB (  1%) free+waste,     6.00 KB ( <1%) overhead. 

Virtual space:
  Non-class space:       10.00 MB reserved,       6.25 MB ( 63%) committed 
      Class space:        1.00 GB reserved,     640.00 KB ( <1%) committed 
             Both:        1.01 GB reserved,       6.88 MB ( <1%) committed 

Chunk freelists:
   Non-Class:  9.00 KB
       Class:  2.00 KB
        Both:  11.00 KB

MaxMetaspaceSize: 17179869184.00 GB
CompressedClassSpaceSize: 1.00 GB
Initial GC threshold: 20.80 MB
Current GC threshold: 20.80 MB
CDS: off

CodeHeap 'non-profiled nmethods': size=120000Kb used=126Kb max_used=126Kb free=119873Kb
 bounds [0x00000205d8590000, 0x00000205d8800000, 0x00000205dfac0000]
CodeHeap 'profiled nmethods': size=120000Kb used=499Kb max_used=499Kb free=119501Kb
 bounds [0x00000205d1060000, 0x00000205d12d0000, 0x00000205d8590000]
CodeHeap 'non-nmethods': size=5760Kb used=1105Kb max_used=1109Kb free=4654Kb
 bounds [0x00000205d0ac0000, 0x00000205d0d30000, 0x00000205d1060000]
 total_blobs=695 nmethods=344 adapters=264
 compilation: enabled
              stopped_count=0, restarted_count=0
 full_count=0

Compilation events (20 events):
Event: 1.923 Thread 0x00000205e73b7000 nmethod 314 0x00000205d85af110 code [0x00000205d85af2c0, 0x00000205d85af378]
Event: 1.924 Thread 0x00000205e73b7000  315       3       sun.nio.fs.WindowsPathParser::isInvalidPathChar (22 bytes)
Event: 1.925 Thread 0x00000205e73b7000 nmethod 315 0x00000205d10ccf90 code [0x00000205d10cd180, 0x00000205d10cd4a8]
Event: 1.925 Thread 0x00000205e7c32000  316       4       java.util.zip.ZipUtils::LG (22 bytes)
Event: 1.926 Thread 0x00000205e7c32000 nmethod 316 0x00000205d85af410 code [0x00000205d85af5a0, 0x00000205d85af678]
Event: 2.028 Thread 0x00000205e7c32000  317       4       java.util.zip.ZipFile$Source::initCEN (697 bytes)
Event: 2.032 Thread 0x00000205e73b7000  318       3       java.util.ArrayList::get (15 bytes)
Event: 2.032 Thread 0x00000205e73b7000 nmethod 318 0x00000205d10cd610 code [0x00000205d10cd840, 0x00000205d10cdfa8]
Event: 2.032 Thread 0x00000205e73b7000  319       3       java.util.Objects::checkIndex (7 bytes)
Event: 2.033 Thread 0x00000205e73b7000 nmethod 319 0x00000205d10ce290 code [0x00000205d10ce4a0, 0x00000205d10ceae8]
Event: 2.033 Thread 0x00000205e73b7000  320       3       jdk.internal.util.Preconditions::checkIndex (18 bytes)
Event: 2.033 Thread 0x00000205e73b7000 nmethod 320 0x00000205d10ced10 code [0x00000205d10cef20, 0x00000205d10cf508]
Event: 2.033 Thread 0x00000205e73b7000  321       3       java.util.ArrayList::elementData (7 bytes)
Event: 2.033 Thread 0x00000205e73b7000 nmethod 321 0x00000205d10cf710 code [0x00000205d10cf8c0, 0x00000205d10cf9f8]
Event: 2.040 Thread 0x00000205e73b7000  322       3       java.lang.AbstractStringBuilder::newCapacity (55 bytes)
Event: 2.040 Thread 0x00000205e73b7000 nmethod 322 0x00000205d10cfb10 code [0x00000205d10cfce0, 0x00000205d10cff08]
Event: 2.054 Thread 0x00000205e73b7000  323       3       java.lang.String::isEmpty (14 bytes)
Event: 2.055 Thread 0x00000205e73b7000 nmethod 323 0x00000205d10d0010 code [0x00000205d10d01c0, 0x00000205d10d0318]
Event: 2.075 Thread 0x00000205e73b7000  325       3       java.lang.String::lastIndexOf (29 bytes)
Event: 2.075 Thread 0x00000205e73b7000 nmethod 325 0x00000205d10d0410 code [0x00000205d10d05e0, 0x00000205d10d0858]

GC Heap History (0 events):
No events

Deoptimization events (20 events):
Event: 1.857 Thread 0x00000205cce60800 DEOPT PACKING pc=0x00000205d1091c50 sp=0x000000595e1fc7f0
Event: 1.857 Thread 0x00000205cce60800 DEOPT UNPACKING pc=0x00000205d0b0a95e sp=0x000000595e1fbc78 mode 0
Event: 1.857 Thread 0x00000205cce60800 DEOPT PACKING pc=0x00000205d1091c50 sp=0x000000595e1fc7f0
Event: 1.857 Thread 0x00000205cce60800 DEOPT UNPACKING pc=0x00000205d0b0a95e sp=0x000000595e1fbc78 mode 0
Event: 1.858 Thread 0x00000205cce60800 DEOPT PACKING pc=0x00000205d1091c50 sp=0x000000595e1fc7f0
Event: 1.858 Thread 0x00000205cce60800 DEOPT UNPACKING pc=0x00000205d0b0a95e sp=0x000000595e1fbc78 mode 0
Event: 1.858 Thread 0x00000205cce60800 DEOPT PACKING pc=0x00000205d1091c50 sp=0x000000595e1fc7f0
Event: 1.858 Thread 0x00000205cce60800 DEOPT UNPACKING pc=0x00000205d0b0a95e sp=0x000000595e1fbc78 mode 0
Event: 1.858 Thread 0x00000205cce60800 DEOPT PACKING pc=0x00000205d1091c50 sp=0x000000595e1fc7f0
Event: 1.858 Thread 0x00000205cce60800 DEOPT UNPACKING pc=0x00000205d0b0a95e sp=0x000000595e1fbc78 mode 0
Event: 1.884 Thread 0x00000205cce60800 Uncommon trap: trap_request=0xffffff4d fr.pc=0x00000205d85aaefc relative=0x000000000000015c
Event: 1.884 Thread 0x00000205cce60800 Uncommon trap: reason=unstable_if action=reinterpret pc=0x00000205d85aaefc method=java.lang.ThreadLocal$ThreadLocalMap.getEntry(Ljava/lang/ThreadLocal;)Ljava/lang/ThreadLocal$ThreadLocalMap$Entry; @ 21 c2
Event: 1.884 Thread 0x00000205cce60800 DEOPT PACKING pc=0x00000205d85aaefc sp=0x000000595e1feee0
Event: 1.884 Thread 0x00000205cce60800 DEOPT UNPACKING pc=0x00000205d0b0a1af sp=0x000000595e1fee28 mode 2
Event: 2.028 Thread 0x00000205cce60800 DEOPT PACKING pc=0x00000205d108f7d6 sp=0x000000595e1f9550
Event: 2.028 Thread 0x00000205cce60800 DEOPT UNPACKING pc=0x00000205d0b0a95e sp=0x000000595e1f8b40 mode 0
Event: 2.031 Thread 0x00000205cce60800 Uncommon trap: trap_request=0xffffff4d fr.pc=0x00000205d8599fd8 relative=0x0000000000000fb8
Event: 2.032 Thread 0x00000205cce60800 Uncommon trap: reason=unstable_if action=reinterpret pc=0x00000205d8599fd8 method=java.util.zip.ZipFile$Source.initCEN(ILjava/util/zip/ZipCoder;)V @ 235 c2
Event: 2.032 Thread 0x00000205cce60800 DEOPT PACKING pc=0x00000205d8599fd8 sp=0x000000595e1f9690
Event: 2.032 Thread 0x00000205cce60800 DEOPT UNPACKING pc=0x00000205d0b0a1af sp=0x000000595e1f9640 mode 2

Classes redefined (0 events):
No events

Internal exceptions (1 events):
Event: 1.884 Thread 0x00000205cce60800 Implicit null exception at 0x00000205d85aadf6 to 0x00000205d85aaedc

Events (20 events):
Event: 2.054 loading class java/io/InputStreamReader
Event: 2.054 loading class java/io/InputStreamReader done
Event: 2.055 loading class uk/co/wilson/xml/MinML
Event: 2.055 loading class uk/co/wilson/xml/MinML done
Event: 2.059 loading class uk/org/xml/sax/Parser
Event: 2.059 loading class uk/org/xml/sax/Parser done
Event: 2.061 loading class org/xml/sax/Parser
Event: 2.061 loading class org/xml/sax/Parser done
Event: 2.062 loading class org/xml/sax/Locator
Event: 2.062 loading class org/xml/sax/Locator done
Event: 2.062 loading class uk/org/xml/sax/DocumentHandler
Event: 2.062 loading class uk/org/xml/sax/DocumentHandler done
Event: 2.068 loading class uk/co/wilson/xml/MinML$MinMLBuffer
Event: 2.068 loading class uk/co/wilson/xml/MinML$MinMLBuffer done
Event: 2.072 loading class org/xml/sax/AttributeList
Event: 2.072 loading class org/xml/sax/AttributeList done
Event: 2.075 loading class org/apache/xmlrpc/XmlRpcRequest
Event: 2.075 loading class org/apache/xmlrpc/XmlRpcRequest done
Event: 2.080 loading class org/apache/xmlrpc/XmlRpcServerRequest
Event: 2.080 loading class org/apache/xmlrpc/XmlRpcServerRequest done


Dynamic libraries:
0x00007ff6d2ae0000 - 0x00007ff6d2aea000 	C:\Users\user\AppData\Local\JetBrains\PhpStorm 2022.1.2\jbr\bin\java.exe
0x00007ffddb310000 - 0x00007ffddb527000 	C:\WINDOWS\SYSTEM32\ntdll.dll
0x00007ffdda1e0000 - 0x00007ffdda2a4000 	C:\WINDOWS\System32\KERNEL32.DLL
0x00007ffdd88d0000 - 0x00007ffdd8ca0000 	C:\WINDOWS\System32\KERNELBASE.dll
0x00007ffdd8eb0000 - 0x00007ffdd8fc1000 	C:\WINDOWS\System32\ucrtbase.dll
0x00007ffd96f50000 - 0x00007ffd96f66000 	C:\Users\user\AppData\Local\JetBrains\PhpStorm 2022.1.2\jbr\bin\VCRUNTIME140.dll
0x00007ffd7aa60000 - 0x00007ffd7aa79000 	C:\Users\user\AppData\Local\JetBrains\PhpStorm 2022.1.2\jbr\bin\jli.dll
0x00007ffdda7a0000 - 0x00007ffdda94e000 	C:\WINDOWS\System32\USER32.dll
0x00007ffdc2ee0000 - 0x00007ffdc3172000 	C:\WINDOWS\WinSxS\amd64_microsoft.windows.common-controls_6595b64144ccf1df_6.0.22621.4830_none_270fe7d773858e80\COMCTL32.dll
0x00007ffdd88a0000 - 0x00007ffdd88c6000 	C:\WINDOWS\System32\win32u.dll
0x00007ffdd9480000 - 0x00007ffdd94a9000 	C:\WINDOWS\System32\GDI32.dll
0x00007ffdd8d90000 - 0x00007ffdd8eab000 	C:\WINDOWS\System32\gdi32full.dll
0x00007ffdd9f80000 - 0x00007ffdda027000 	C:\WINDOWS\System32\msvcrt.dll
0x00007ffdd8590000 - 0x00007ffdd862a000 	C:\WINDOWS\System32\msvcp_win.dll
0x00007ffdd9570000 - 0x00007ffdd95a1000 	C:\WINDOWS\System32\IMM32.DLL
0x00007ffcfb530000 - 0x00007ffcfb5da000 	C:\Users\user\AppData\Local\JetBrains\PhpStorm 2022.1.2\jbr\bin\msvcp140.dll
0x00007ffceb600000 - 0x00007ffcec17b000 	C:\Users\user\AppData\Local\JetBrains\PhpStorm 2022.1.2\jbr\bin\server\jvm.dll
0x00007ffdd94b0000 - 0x00007ffdd9561000 	C:\WINDOWS\System32\ADVAPI32.dll
0x00007ffddb1d0000 - 0x00007ffddb277000 	C:\WINDOWS\System32\sechost.dll
0x00007ffdd8ca0000 - 0x00007ffdd8cc8000 	C:\WINDOWS\System32\bcrypt.dll
0x00007ffdda2e0000 - 0x00007ffdda3f4000 	C:\WINDOWS\System32\RPCRT4.dll
0x00007ffdda400000 - 0x00007ffdda408000 	C:\WINDOWS\System32\PSAPI.DLL
0x00007ffdd4c50000 - 0x00007ffdd4c84000 	C:\WINDOWS\SYSTEM32\WINMM.dll
0x00007ffdd4c00000 - 0x00007ffdd4c0a000 	C:\WINDOWS\SYSTEM32\VERSION.dll
0x00007ffdbc130000 - 0x00007ffdbc139000 	C:\WINDOWS\SYSTEM32\WSOCK32.dll
0x00007ffdd96f0000 - 0x00007ffdd9761000 	C:\WINDOWS\System32\ws2_32.DLL
0x00007ffdd76c0000 - 0x00007ffdd76d8000 	C:\WINDOWS\SYSTEM32\kernel.appcore.dll
0x00007ffdcfa10000 - 0x00007ffdcfa21000 	C:\Users\user\AppData\Local\JetBrains\PhpStorm 2022.1.2\jbr\bin\verify.dll
0x00007ffdd5d80000 - 0x00007ffdd5fb2000 	C:\WINDOWS\SYSTEM32\DBGHELP.DLL
0x00007ffdda410000 - 0x00007ffdda7a0000 	C:\WINDOWS\System32\combase.dll
0x00007ffdd9de0000 - 0x00007ffdd9eb7000 	C:\WINDOWS\System32\OLEAUT32.dll
0x00007ffdd4f00000 - 0x00007ffdd4f32000 	C:\WINDOWS\SYSTEM32\dbgcore.DLL
0x00007ffdd8820000 - 0x00007ffdd889b000 	C:\WINDOWS\System32\bcryptPrimitives.dll
0x00007ffdc0760000 - 0x00007ffdc0789000 	C:\Users\user\AppData\Local\JetBrains\PhpStorm 2022.1.2\jbr\bin\java.dll
0x00007ffdd4030000 - 0x00007ffdd403b000 	C:\Users\user\AppData\Local\JetBrains\PhpStorm 2022.1.2\jbr\bin\jimage.dll
0x00007ffdbfee0000 - 0x00007ffdbfef9000 	C:\Users\user\AppData\Local\JetBrains\PhpStorm 2022.1.2\jbr\bin\zip.dll
0x00007ffdda950000 - 0x00007ffddb1c8000 	C:\WINDOWS\System32\SHELL32.dll
0x00007ffdd64f0000 - 0x00007ffdd6e00000 	C:\WINDOWS\SYSTEM32\windows.storage.dll
0x00007ffdd63b0000 - 0x00007ffdd64ef000 	C:\WINDOWS\SYSTEM32\wintypes.dll
0x00007ffdd91b0000 - 0x00007ffdd92ba000 	C:\WINDOWS\System32\SHCORE.dll
0x00007ffdd9f20000 - 0x00007ffdd9f7e000 	C:\WINDOWS\System32\shlwapi.dll
0x00007ffdd84c0000 - 0x00007ffdd84eb000 	C:\WINDOWS\SYSTEM32\profapi.dll
0x00007ffdbfec0000 - 0x00007ffdbfeda000 	C:\Users\user\AppData\Local\JetBrains\PhpStorm 2022.1.2\jbr\bin\net.dll
0x00007ffdcfc60000 - 0x00007ffdcfd8c000 	C:\WINDOWS\SYSTEM32\WINHTTP.dll
0x00007ffdd7b40000 - 0x00007ffdd7baa000 	C:\WINDOWS\system32\mswsock.dll
0x00007ffdb84a0000 - 0x00007ffdb84b4000 	C:\Users\user\AppData\Local\JetBrains\PhpStorm 2022.1.2\jbr\bin\nio.dll

dbghelp: loaded successfully - version: 4.0.5 - missing functions: none
symbol engine: initialized successfully - sym options: 0x614 - pdb path: .;C:\Users\user\AppData\Local\JetBrains\PhpStorm 2022.1.2\jbr\bin;C:\WINDOWS\SYSTEM32;C:\WINDOWS\WinSxS\amd64_microsoft.windows.common-controls_6595b64144ccf1df_6.0.22621.4830_none_270fe7d773858e80;C:\Users\user\AppData\Local\JetBrains\PhpStorm 2022.1.2\jbr\bin\server

VM Arguments:
java_command: externalApp.nativessh.NativeSshAskPassApp Enter passphrase for key '/c/Users/user/.ssh/id_rsa': 
java_class_path (initial): C:/Users/user/AppData/Local/JetBrains/PhpStorm 2022.1.2/lib/externalProcess-rt.jar;C:/Users/user/AppData/Local/JetBrains/PhpStorm 2022.1.2/lib/app.jar;C:/Users/user/AppData/Local/JetBrains/PhpStorm 2022.1.2/lib/3rd-party-rt.jar
Launcher Type: SUN_STANDARD

[Global flags]
     intx CICompilerCount                          = 4                                         {product} {ergonomic}
     uint ConcGCThreads                            = 2                                         {product} {ergonomic}
     uint G1ConcRefinementThreads                  = 8                                         {product} {ergonomic}
   size_t G1HeapRegionSize                         = 1048576                                   {product} {ergonomic}
    uintx GCDrainStackTargetSize                   = 64                                        {product} {ergonomic}
   size_t InitialHeapSize                          = 134217728                                 {product} {ergonomic}
   size_t MarkStackSize                            = 4194304                                   {product} {ergonomic}
   size_t MaxHeapSize                              = 2124414976                                {product} {ergonomic}
   size_t MaxNewSize                               = 1274019840                                {product} {ergonomic}
   size_t MinHeapDeltaBytes                        = 1048576                                   {product} {ergonomic}
    uintx NonNMethodCodeHeapSize                   = 5836300                                {pd product} {ergonomic}
    uintx NonProfiledCodeHeapSize                  = 122910970                              {pd product} {ergonomic}
    uintx ProfiledCodeHeapSize                     = 122910970                              {pd product} {ergonomic}
    uintx ReservedCodeCacheSize                    = 251658240                              {pd product} {ergonomic}
     bool SegmentedCodeCache                       = true                                      {product} {ergonomic}
     bool UseCompressedClassPointers               = true                                 {lp64_product} {ergonomic}
     bool UseCompressedOops                        = true                                 {lp64_product} {ergonomic}
     bool UseG1GC                                  = true                                      {product} {ergonomic}
     bool UseLargePagesIndividualAllocation        = false                                  {pd product} {ergonomic}

Logging:
Log output configuration:
 #0: stdout all=warning uptime,level,tags
 #1: stderr all=off uptime,level,tags

Environment Variables:
PATH=C:\Program Files\Git\mingw64\libexec\git-core;C:\Program Files\Git\mingw64\bin;C:\Program Files\Git\usr\bin;C:\Users\user\bin;C:\Python312\Scripts;C:\Python312;C:\Python310\Scripts;C:\Python310;C:\Windows\system32;C:\Windows;C:\Windows\System32\Wbem;C:\Windows\System32\WindowsPowerShell\v1.0;C:\Windows\System32\OpenSSH;C:\Program Files (x86)\NVIDIA Corporation\PhysX\Common;C:\Program Files\NVIDIA Corporation\NVIDIA NvDLISR;C:\Program Files\Git\cmd;C:\ProgramData\chocolatey\bin;C:\Program Files\PuTTY;C:\Program Files (x86)\dotnet;C:\WINDOWS\system32;C:\WINDOWS;C:\WINDOWS\System32\Wbem;C:\WINDOWS\System32\WindowsPowerShell\v1.0;C:\WINDOWS\System32\OpenSSH;C:\php-8.2.7;C:\Program Files\OpenSSL-Win64\bin;C:\composer;C:\Program Files\nodejs;C:\Users\user\AppData\Local\Microsoft\WindowsApps;C:\Users\user\AppData\Local\JetBrains\PhpStorm 2022.1.2\bin;C:\Users\user\AppData\Roaming\Composer\vendor\bin;C:\php-8.2.7;C:\Users\user\AppData\Roaming\npm
USERNAME=user
DISPLAY=:0.0
LC_ALL=en_US.UTF-8
OS=Windows_NT
PROCESSOR_IDENTIFIER=Intel64 Family 6 Model 165 Stepping 2, GenuineIntel



---------------  S Y S T E M  ---------------

OS: Windows 11 , 64 bit Build 22621 (10.0.22621.4830)
OS uptime: 5 days 19:39 hours

CPU:total 8 (initial active 8) (4 cores per cpu, 2 threads per core) family 6 model 165 stepping 2 microcode 0xe2, cmov, cx8, fxsr, mmx, sse, sse2, sse3, ssse3, sse4.1, sse4.2, popcnt, avx, avx2, aes, clmul, erms, 3dnowpref, lzcnt, ht, tsc, tscinvbit, bmi1, bmi2, adx, fma

Memory: 4k page, system-wide physical 8099M (1M free)
TotalPageFile size 32675M (AvailPageFile size 0M)
current process WorkingSet (physical memory assigned to process): 63M, peak: 63M
current process commit charge ("private bytes"): 210M, peak: 210M

vm_info: OpenJDK 64-Bit Server VM (11.0.15+10-b2043.56) for windows-amd64 JRE (11.0.15+10-b2043.56), built on May 16 2022 02:28:12 by "" with MS VC++ 14.0 (VS2015)

END.
