#
# There is insufficient memory for the Java Runtime Environment to continue.
# Native memory allocation (mmap) failed to map 134217728 bytes for Failed to commit area from 0x0000000081600000 to 0x0000000089600000 of length 134217728.
# Possible reasons:
#   The system is out of physical RAM or swap space
#   The process is running with CompressedOops enabled, and the Java Heap may be blocking the growth of the native heap
# Possible solutions:
#   Reduce memory load on the system
#   Increase physical memory or swap space
#   Check if swap backing store is full
#   Decrease Java heap size (-Xmx/-Xms)
#   Decrease number of Java threads
#   Decrease Java thread stack sizes (-Xss)
#   Set larger code cache with -XX:ReservedCodeCacheSize=
# This output file may be truncated or incomplete.
#
#  Out of Memory Error (src/hotspot/os/windows/os_windows.cpp:3627), pid=31476, tid=21492
#
# JRE version:  (11.0.15+10) (build )
# Java VM: OpenJDK 64-Bit Server VM (11.0.15+10-b2043.56, mixed mode, sharing, tiered, compressed oops, g1 gc, windows-amd64)
# No core dump will be written. Minidumps are not enabled by default on client versions of Windows
#

---------------  S U M M A R Y ------------

Command Line: externalApp.nativessh.NativeSshAskPassApp Enter passphrase for key '/c/Users/user/.ssh/id_rsa': 

Host: Intel(R) Core(TM) i5-10300H CPU @ 2.50GHz, 8 cores, 7G,  Windows 11 , 64 bit Build 22621 (10.0.22621.4830)
Time: Tue Mar 25 17:53:04 2025 India Standard Time elapsed time: 0.017846 seconds (0d 0h 0m 0s)

---------------  T H R E A D  ---------------

Current thread (0x000002328cbc1000):  JavaThread "Unknown thread" [_thread_in_vm, id=21492, stack(0x00000065ae000000,0x00000065ae100000)]

Stack: [0x00000065ae000000,0x00000065ae100000]
Native frames: (J=compiled Java code, j=interpreted, Vv=VM code, C=native code)
V  [jvm.dll+0x61612a]
V  [jvm.dll+0x79c450]
V  [jvm.dll+0x79da6d]
V  [jvm.dll+0x79e143]
V  [jvm.dll+0x24cc18]
V  [jvm.dll+0x613174]
V  [jvm.dll+0x607e55]
V  [jvm.dll+0x30b1cb]
V  [jvm.dll+0x30b13a]
V  [jvm.dll+0x30b012]
V  [jvm.dll+0x30ff76]
V  [jvm.dll+0x35b4c3]
V  [jvm.dll+0x35bbc6]
V  [jvm.dll+0x35b5c3]
V  [jvm.dll+0x2e5918]
V  [jvm.dll+0x2e6ab7]
V  [jvm.dll+0x7794f7]
V  [jvm.dll+0x77acec]
V  [jvm.dll+0x368a59]
V  [jvm.dll+0x75ce8e]
V  [jvm.dll+0x3d6a33]
V  [jvm.dll+0x3d9001]
C  [jli.dll+0x536b]
C  [ucrtbase.dll+0x29333]
C  [KERNEL32.DLL+0x1259d]
C  [ntdll.dll+0x5af38]


---------------  P R O C E S S  ---------------

Threads class SMR info:
_java_thread_list=0x000002328ca25810, length=0, elements={
}

Java Threads: ( => current thread )

Other Threads:
  0x000002328cbda800 GCTaskThread "GC Thread#0" [stack: 0x00000065ae100000,0x00000065ae200000] [id=10952]
  0x000002328cc0f000 ConcurrentGCThread "G1 Main Marker" [stack: 0x00000065ae200000,0x00000065ae300000] [id=16004]
  0x000002328cc10800 ConcurrentGCThread "G1 Conc#0" [stack: 0x00000065ae300000,0x00000065ae400000] [id=27352]

[error occurred during error reporting (printing all threads), id 0xc0000005, EXCEPTION_ACCESS_VIOLATION (0xc0000005) at pc=0x00007ffceb8f6017]

VM state:not at safepoint (not fully initialized)

VM Mutex/Monitor currently owned by a thread:  ([mutex/lock_event])
[0x000002328cafaca0] Heap_lock - owner thread: 0x000002328cbc1000

Heap address: 0x0000000081600000, size: 2026 MB, Compressed Oops mode: Non-zero based: 0x0000000081600000
Narrow klass base: 0x0000000000000000, Narrow klass shift: 0

GC Heap History (0 events):
No events

Deoptimization events (0 events):
No events

Classes redefined (0 events):
No events

Internal exceptions (0 events):
No events

Events (1 events):
Event: 0.011 Loaded shared library C:\Users\user\AppData\Local\JetBrains\PhpStorm 2022.1.2\jbr\bin\zip.dll


Dynamic libraries:
0x00007ff690e90000 - 0x00007ff690e9a000 	C:\Users\user\AppData\Local\JetBrains\PhpStorm 2022.1.2\jbr\bin\java.exe
0x00007ffddb310000 - 0x00007ffddb527000 	C:\WINDOWS\SYSTEM32\ntdll.dll
0x00007ffdda1e0000 - 0x00007ffdda2a4000 	C:\WINDOWS\System32\KERNEL32.DLL
0x00007ffdd88d0000 - 0x00007ffdd8ca0000 	C:\WINDOWS\System32\KERNELBASE.dll
0x00007ffdd8eb0000 - 0x00007ffdd8fc1000 	C:\WINDOWS\System32\ucrtbase.dll
0x00007ffdd4040000 - 0x00007ffdd4059000 	C:\Users\user\AppData\Local\JetBrains\PhpStorm 2022.1.2\jbr\bin\jli.dll
0x00007ffdd2430000 - 0x00007ffdd2446000 	C:\Users\user\AppData\Local\JetBrains\PhpStorm 2022.1.2\jbr\bin\VCRUNTIME140.dll
0x00007ffdda7a0000 - 0x00007ffdda94e000 	C:\WINDOWS\System32\USER32.dll
0x00007ffdd88a0000 - 0x00007ffdd88c6000 	C:\WINDOWS\System32\win32u.dll
0x00007ffdd9480000 - 0x00007ffdd94a9000 	C:\WINDOWS\System32\GDI32.dll
0x00007ffdd8d90000 - 0x00007ffdd8eab000 	C:\WINDOWS\System32\gdi32full.dll
0x00007ffdd8590000 - 0x00007ffdd862a000 	C:\WINDOWS\System32\msvcp_win.dll
0x00007ffdc2ee0000 - 0x00007ffdc3172000 	C:\WINDOWS\WinSxS\amd64_microsoft.windows.common-controls_6595b64144ccf1df_6.0.22621.4830_none_270fe7d773858e80\COMCTL32.dll
0x00007ffdd9f80000 - 0x00007ffdda027000 	C:\WINDOWS\System32\msvcrt.dll
0x00007ffdd9570000 - 0x00007ffdd95a1000 	C:\WINDOWS\System32\IMM32.DLL
0x00007ffd96f00000 - 0x00007ffd96faa000 	C:\Users\user\AppData\Local\JetBrains\PhpStorm 2022.1.2\jbr\bin\msvcp140.dll
0x00007ffceb600000 - 0x00007ffcec17b000 	C:\Users\user\AppData\Local\JetBrains\PhpStorm 2022.1.2\jbr\bin\server\jvm.dll
0x00007ffdd94b0000 - 0x00007ffdd9561000 	C:\WINDOWS\System32\ADVAPI32.dll
0x00007ffddb1d0000 - 0x00007ffddb277000 	C:\WINDOWS\System32\sechost.dll
0x00007ffdd8ca0000 - 0x00007ffdd8cc8000 	C:\WINDOWS\System32\bcrypt.dll
0x00007ffdda2e0000 - 0x00007ffdda3f4000 	C:\WINDOWS\System32\RPCRT4.dll
0x00007ffdda400000 - 0x00007ffdda408000 	C:\WINDOWS\System32\PSAPI.DLL
0x00007ffdd4c50000 - 0x00007ffdd4c84000 	C:\WINDOWS\SYSTEM32\WINMM.dll
0x00007ffdbc130000 - 0x00007ffdbc139000 	C:\WINDOWS\SYSTEM32\WSOCK32.dll
0x00007ffdd4c00000 - 0x00007ffdd4c0a000 	C:\WINDOWS\SYSTEM32\VERSION.dll
0x00007ffdd96f0000 - 0x00007ffdd9761000 	C:\WINDOWS\System32\WS2_32.dll
0x00007ffdd76c0000 - 0x00007ffdd76d8000 	C:\WINDOWS\SYSTEM32\kernel.appcore.dll
0x00007ffdcfa10000 - 0x00007ffdcfa21000 	C:\Users\user\AppData\Local\JetBrains\PhpStorm 2022.1.2\jbr\bin\verify.dll
0x00007ffdd5d80000 - 0x00007ffdd5fb2000 	C:\WINDOWS\SYSTEM32\DBGHELP.DLL
0x00007ffdda410000 - 0x00007ffdda7a0000 	C:\WINDOWS\System32\combase.dll
0x00007ffdd9de0000 - 0x00007ffdd9eb7000 	C:\WINDOWS\System32\OLEAUT32.dll
0x00007ffdd4f00000 - 0x00007ffdd4f32000 	C:\WINDOWS\SYSTEM32\dbgcore.DLL
0x00007ffdd8820000 - 0x00007ffdd889b000 	C:\WINDOWS\System32\bcryptPrimitives.dll
0x00007ffdc0760000 - 0x00007ffdc0789000 	C:\Users\user\AppData\Local\JetBrains\PhpStorm 2022.1.2\jbr\bin\java.dll
0x00007ffdd4030000 - 0x00007ffdd403b000 	C:\Users\user\AppData\Local\JetBrains\PhpStorm 2022.1.2\jbr\bin\jimage.dll
0x00007ffdbfee0000 - 0x00007ffdbfef9000 	C:\Users\user\AppData\Local\JetBrains\PhpStorm 2022.1.2\jbr\bin\zip.dll

dbghelp: loaded successfully - version: 4.0.5 - missing functions: none
symbol engine: initialized successfully - sym options: 0x614 - pdb path: .;C:\Users\user\AppData\Local\JetBrains\PhpStorm 2022.1.2\jbr\bin;C:\WINDOWS\SYSTEM32;C:\WINDOWS\WinSxS\amd64_microsoft.windows.common-controls_6595b64144ccf1df_6.0.22621.4830_none_270fe7d773858e80;C:\Users\user\AppData\Local\JetBrains\PhpStorm 2022.1.2\jbr\bin\server

VM Arguments:
java_command: externalApp.nativessh.NativeSshAskPassApp Enter passphrase for key '/c/Users/user/.ssh/id_rsa': 
java_class_path (initial): C:/Users/user/AppData/Local/JetBrains/PhpStorm 2022.1.2/lib/externalProcess-rt.jar;C:/Users/user/AppData/Local/JetBrains/PhpStorm 2022.1.2/lib/app.jar;C:/Users/user/AppData/Local/JetBrains/PhpStorm 2022.1.2/lib/3rd-party-rt.jar
Launcher Type: SUN_STANDARD

[Global flags]
     intx CICompilerCount                          = 4                                         {product} {ergonomic}
     uint ConcGCThreads                            = 2                                         {product} {ergonomic}
     uint G1ConcRefinementThreads                  = 8                                         {product} {ergonomic}
   size_t G1HeapRegionSize                         = 1048576                                   {product} {ergonomic}
    uintx GCDrainStackTargetSize                   = 64                                        {product} {ergonomic}
   size_t InitialHeapSize                          = 134217728                                 {product} {ergonomic}
   size_t MarkStackSize                            = 4194304                                   {product} {ergonomic}
   size_t MaxHeapSize                              = 2124414976                                {product} {ergonomic}
   size_t MinHeapDeltaBytes                        = 1048576                                   {product} {ergonomic}
    uintx NonNMethodCodeHeapSize                   = 5836300                                {pd product} {ergonomic}
    uintx NonProfiledCodeHeapSize                  = 122910970                              {pd product} {ergonomic}
    uintx ProfiledCodeHeapSize                     = 122910970                              {pd product} {ergonomic}
    uintx ReservedCodeCacheSize                    = 251658240                              {pd product} {ergonomic}
     bool SegmentedCodeCache                       = true                                      {product} {ergonomic}
     bool UseCompressedClassPointers               = true                                 {lp64_product} {ergonomic}
     bool UseCompressedOops                        = true                                 {lp64_product} {ergonomic}
     bool UseG1GC                                  = true                                      {product} {ergonomic}
     bool UseLargePagesIndividualAllocation        = false                                  {pd product} {ergonomic}

Logging:
Log output configuration:
 #0: stdout all=warning uptime,level,tags
 #1: stderr all=off uptime,level,tags

Environment Variables:
PATH=C:\Program Files\Git\mingw64\libexec\git-core;C:\Program Files\Git\mingw64\bin;C:\Program Files\Git\usr\bin;C:\Users\user\bin;C:\Python312\Scripts;C:\Python312;C:\Python310\Scripts;C:\Python310;C:\Windows\system32;C:\Windows;C:\Windows\System32\Wbem;C:\Windows\System32\WindowsPowerShell\v1.0;C:\Windows\System32\OpenSSH;C:\Program Files (x86)\NVIDIA Corporation\PhysX\Common;C:\Program Files\NVIDIA Corporation\NVIDIA NvDLISR;C:\Program Files\Git\cmd;C:\ProgramData\chocolatey\bin;C:\Program Files\PuTTY;C:\Program Files (x86)\dotnet;C:\WINDOWS\system32;C:\WINDOWS;C:\WINDOWS\System32\Wbem;C:\WINDOWS\System32\WindowsPowerShell\v1.0;C:\WINDOWS\System32\OpenSSH;C:\php-8.2.7;C:\Program Files\OpenSSL-Win64\bin;C:\composer;C:\Program Files\nodejs;C:\Users\user\AppData\Local\Microsoft\WindowsApps;C:\Users\user\AppData\Local\JetBrains\PhpStorm 2022.1.2\bin;C:\Users\user\AppData\Roaming\Composer\vendor\bin;C:\php-8.2.7;C:\Users\user\AppData\Roaming\npm
USERNAME=user
DISPLAY=:0.0
LC_ALL=en_US.UTF-8
OS=Windows_NT
PROCESSOR_IDENTIFIER=Intel64 Family 6 Model 165 Stepping 2, GenuineIntel



---------------  S Y S T E M  ---------------

OS: Windows 11 , 64 bit Build 22621 (10.0.22621.4830)
OS uptime: 13 days 2:23 hours

CPU:total 8 (initial active 8) (4 cores per cpu, 2 threads per core) family 6 model 165 stepping 2 microcode 0xe2, cmov, cx8, fxsr, mmx, sse, sse2, sse3, ssse3, sse4.1, sse4.2, popcnt, avx, avx2, aes, clmul, erms, 3dnowpref, lzcnt, ht, tsc, tscinvbit, bmi1, bmi2, adx, fma

Memory: 4k page, system-wide physical 8099M (300M free)
TotalPageFile size 32675M (AvailPageFile size 128M)
current process WorkingSet (physical memory assigned to process): 11M, peak: 11M
current process commit charge ("private bytes"): 60M, peak: 188M

vm_info: OpenJDK 64-Bit Server VM (11.0.15+10-b2043.56) for windows-amd64 JRE (11.0.15+10-b2043.56), built on May 16 2022 02:28:12 by "" with MS VC++ 14.0 (VS2015)

END.
